======================================================================
Multi-Day Slide Generation Test
======================================================================
This will generate slides for 3 consecutive days using Selenium navigation
to verify that iBreviary returns unique content for each date.


======================================================================
Generating slides for: November 10, 2025 (Day 1/3)
======================================================================

Fetching live liturgical data from iBreviary for November 10, 2025...
  Fetching Morning Prayer using Selenium navigation...
  -> Navigating to iBreviary mobile site...
  -> Clicking 'More' menu...
  -> Setting date to 10/11/2025...
    Set day: 10
    Set month: 11
    Set year: 2025
    Clicking 'OK' button to apply date...
  -> Clicking 'Breviary' link...
  -> Clicking 'Morning Prayer' link...
  Successfully navigated to Morning Prayer for November 10, 2025
  Found PSALMODY at position 428, parsing content after it
  Found Antiphon 1 text: Each morning, Lord, you fill us with your kindness...
  Found red psalm title: Psalm 90
  Found red psalm subtitle: May we live in the radiance of God
  Skipping antiphon text in verse extraction: Each morning, Lord, you fill us with your kindness...
  Extracted 10 verses for Psalm 1
  Found Canticle title: Canticle: Isaiah 42:10-16
  Found Canticle subtitle: God, victor and savior
  Extracted 7 verses for Canticle
  Found Antiphon 3 text: You who stand in his sanctuary, praise the name of...
  Found red psalm title: Psalm 135:1-12
  Found red psalm subtitle: Praise for the wonderful things God does for us
  Skipping antiphon text in verse extraction: You who stand in his sanctuary, praise the name of...
  Extracted 7 verses for Psalm 3
  Found READING: Wisdom 7:13-14
    Text preview: Simply I learned about Wisdom, and ungrudgingly do I share—   her riches I do not hide away;For to m...
  DEBUG: Split responsory into 4 parts
    Part 0: Let the peoples proclaim the wisdom of the saints.
    Part 1: Let the peoples proclaim the wisdom of the saints.With joyful praise let the Church tell forth
    Part 2: the wisdom of the saints.Glory to the Father, and to the Son, and to the Holy Spirit.
    Part 3: Let the peoples proclaim the wisdom of the saints.
  DEBUG: Raw responsory text (first 500 chars):
Let the peoples proclaim the wisdom of the saints.— Let the peoples proclaim the wisdom of the saints.With joyful praise let the Church tell forth— the wisdom of the saints.Glory to the Father, and to the Son, and to the Holy Spirit.— Let the peoples proclaim the wisdom of the saints.
  DEBUG: Split by em dash into 4 segments
    Segment 0: Let the peoples proclaim the wisdom of the saints.
    Segment 1: Let the peoples proclaim the wisdom of the saints.With joyful praise let the Church tell forth
    Segment 2: the wisdom of the saints.Glory to the Father, and to the Son, and to the Holy Spirit.
    Segment 3: Let the peoples proclaim the wisdom of the saints.
  Found RESPONSORY with 2 parts
Successfully fetched liturgical data for November 10, 2025

Antiphon 1: Each morning, Lord, you fill us with your kindness....
Creating presentation using reference template structure...
Date: November 10, 2025
Created slide 1: Initial blank black slide
Created slide 2: Daily Morning Prayer image slide
Created slide 3: PSALMODY title slide
Created slide 4: Psalm 1 - Priest
Created slide 5: Psalm 1 - People
Created slide 6: Psalm 1 - Priest
Created slide 7: Psalm 1 - People
Created slide 8: Psalm 1 - Priest
Created slide 9: Psalm 1 - People
Created slide 10: Psalm 1 - Priest
Created slide 11: Psalm 1 - People
Created slide 12: Psalm 1 - Priest
Created slide 13: Psalm 1 - Glory Be
Created slide 14: Repeated Antiphon 1
Created slide 15: Antiphon 2
Created slide 16: Canticle info
Created slide 17: Canticle - Priest
Created slide 18: Canticle - People
Created slide 19: Canticle - Priest
Created slide 20: Canticle - People
Created slide 21: Canticle - Priest
Created slide 22: Canticle - People
Created slide 23: Canticle - Priest
Created slide 24: Canticle - Glory Be
Created slide 25: Repeated Antiphon 2
Created slide 26: Antiphon 3
Created slide 27: Psalm 3 Title and Subtitle
Created slide 28: Psalm 3 - Priest
Created slide 29: Psalm 3 - People
Created slide 30: Psalm 3 - Priest
Created slide 31: Psalm 3 - People
Created slide 32: Psalm 3 - Priest
Created slide 33: Psalm 3 - People
  Skipping Glory Be verse from extraction (will add manually)
Created slide 34: Psalm 3 - Glory Be
Created slide 35: Repeated Antiphon 3
Created slide 36: READING (title + content)
Created slide 37: Responsory - All
Created slide 38: Responsory - Priest

Presentation created successfully!
File: output_v2\olph_slides_2025_11_10.pptx
Total slides: 101
Target slides (reference): 135

Successfully created: output_v2\olph_slides_2025_11_10.pptx

======================================================================
Generating slides for: November 11, 2025 (Day 2/3)
======================================================================

Fetching live liturgical data from iBreviary for November 11, 2025...
  Fetching Morning Prayer using Selenium navigation...
  -> Navigating to iBreviary mobile site...
  -> Clicking 'More' menu...
  -> Setting date to 11/11/2025...
    Set day: 11
    Set month: 11
    Set year: 2025
    Clicking 'OK' button to apply date...
  -> Clicking 'Breviary' link...
  -> Clicking 'Morning Prayer' link...
  Successfully navigated to Morning Prayer for November 11, 2025
  Found PSALMODY at position 224, parsing content after it
  Found Antiphon 1 text: Martin, priest of God, the kingdom of my heavenly ...
  Found red psalm title: Psalm 63:2-9
  Found red psalm subtitle: A soul thirsting for God
  Skipping antiphon text in verse extraction: Martin, priest of God, the kingdom of my heavenly ...
  Extracted 4 verses for Psalm 1
  Found Canticle title: Canticle: Daniel 3:57-88, 56
  Found Canticle subtitle: Let all creatures praise the Lord
Error parsing morning prayer: 'charmap' codec can't encode character '\u26a0' in position 2: character maps to <undefined>
Successfully fetched liturgical data for November 11, 2025

Antiphon 1: ...
Creating presentation using reference template structure...
Date: November 11, 2025
Created slide 1: Initial blank black slide
Created slide 2: Daily Morning Prayer image slide
Created slide 3: PSALMODY title slide
Created slide 4: Psalm 1 - Priest
Created slide 5: Repeated Antiphon 1
Created slide 6: Antiphon 2

Error generating slides for November 11, 2025: 'canticle_info'

======================================================================
Generating slides for: November 12, 2025 (Day 3/3)
======================================================================

Fetching live liturgical data from iBreviary for November 12, 2025...
  Fetching Morning Prayer using Selenium navigation...
  -> Navigating to iBreviary mobile site...
  -> Clicking 'More' menu...
  -> Setting date to 12/11/2025...
    Set day: 12
    Set month: 11
    Set year: 2025
    Clicking 'OK' button to apply date...
  -> Clicking 'Breviary' link...
  -> Clicking 'Morning Prayer' link...
  Successfully navigated to Morning Prayer for November 12, 2025
  Found PSALMODY at position 419, parsing content after it
  Found Antiphon 1 text: My heart is ready, O God, my heart is ready....
  Found red psalm title: Psalm 108
  Found red psalm subtitle: Praise of God and a plea for help
  Skipping antiphon text in verse extraction: My heart is ready, O God, my heart is ready....
  Extracted 7 verses for Psalm 1
  Found Canticle title: Canticle: Isaiah 61:10—62:5
  Found Canticle subtitle: The prophet’s joy in the vision of a new Jerusalem
  Extracted 6 verses for Canticle
  Found Antiphon 3 text: I will praise my God all the days of my life....
  Found red psalm title: Psalm 146
  Found red psalm subtitle: Those who trust in God know what it is to be happy
  Skipping potential antiphon text in verse extraction: I will praise my God all the days of my life....
  Extracted 7 verses for Psalm 3
  Found READING: 2 Corinthians 1:3-5
    Text preview: Praised be God, the Father of our Lord Jesus Christ, the Father of mercies, and the God of all conso...
  DEBUG: Split responsory into 4 parts
    Part 0: The Lord is my strength, and I shall sing his praise.
    Part 1: The Lord is my strength, and I shall sing his praise.The Lord is my savior,
    Part 2: and I shall sing his praise.Glory to the Father, and to the Son, and to the Holy Spirit.
    Part 3: The Lord is my strength, and I shall sing his praise.
  DEBUG: Raw responsory text (first 500 chars):
The Lord is my strength, and I shall sing his praise.— The Lord is my strength, and I shall sing his praise.The Lord is my savior,— and I shall sing his praise.Glory to the Father, and to the Son, and to the Holy Spirit.— The Lord is my strength, and I shall sing his praise.
  DEBUG: Split by em dash into 4 segments
    Segment 0: The Lord is my strength, and I shall sing his praise.
    Segment 1: The Lord is my strength, and I shall sing his praise.The Lord is my savior,
    Segment 2: and I shall sing his praise.Glory to the Father, and to the Son, and to the Holy Spirit.
    Segment 3: The Lord is my strength, and I shall sing his praise.
  Found RESPONSORY with 2 parts
Successfully fetched liturgical data for November 12, 2025

Antiphon 1: My heart is ready, O God, my heart is ready....
Creating presentation using reference template structure...
Date: November 12, 2025
Created slide 1: Initial blank black slide
Created slide 2: Daily Morning Prayer image slide
Created slide 3: PSALMODY title slide
Created slide 4: Psalm 1 - Priest
Created slide 5: Psalm 1 - People
Created slide 6: Psalm 1 - Priest
Created slide 7: Psalm 1 - People
Created slide 8: Psalm 1 - Priest
Created slide 9: Psalm 1 - People
Created slide 10: Psalm 1 - Glory Be
Created slide 11: Repeated Antiphon 1
Created slide 12: Antiphon 2
Created slide 13: Canticle info
Created slide 14: Canticle - Priest
Created slide 15: Canticle - People
Created slide 16: Canticle - Priest
Created slide 17: Canticle - People
Created slide 18: Canticle - Priest
Created slide 19: Canticle - People
Created slide 20: Canticle - Glory Be
Created slide 21: Repeated Antiphon 2
Created slide 22: Antiphon 3
Created slide 23: Psalm 3 Title and Subtitle
Created slide 24: Psalm 3 - Priest
Created slide 25: Psalm 3 - People
Created slide 26: Psalm 3 - Priest
Created slide 27: Psalm 3 - People
Created slide 28: Psalm 3 - Priest
Created slide 29: Psalm 3 - People
  Skipping Glory Be verse from extraction (will add manually)
Created slide 30: Psalm 3 - Glory Be
Created slide 31: Repeated Antiphon 3
Created slide 32: READING (title + content)
Created slide 33: Responsory - All
Created slide 34: Responsory - Priest

Presentation created successfully!
File: output_v2\olph_slides_2025_11_12.pptx
Total slides: 97
Target slides (reference): 135

Successfully created: output_v2\olph_slides_2025_11_12.pptx

======================================================================
Multi-day generation test complete!
======================================================================

Check the output_v2 folder to verify that each presentation has unique content.
